// Bun Snapshot v1, https://goo.gl/fbAQLP

exports[`ArgoProjects synth 1`] = `
[
  {
    "apiVersion": "argoproj.io/v1alpha1",
    "kind": "AppProject",
    "metadata": {
      "annotations": {
        "argocd.argoproj.io/sync-options": "PruneLast=true",
        "argocd.argoproj.io/sync-wave": "-2",
      },
      "name": "librepod-apps",
      "namespace": "argocd",
    },
    "spec": {
      "clusterResourceWhitelist": [
        {
          "group": "*",
          "kind": "*",
        },
      ],
      "description": "LibrePod User Apps",
      "destinations": [
        {
          "namespace": "default",
          "server": "https://kubernetes.default.svc",
        },
      ],
      "namespaceResourceWhitelist": [
        {
          "group": "*",
          "kind": "*",
        },
      ],
      "sourceRepos": [
        "*",
      ],
    },
  },
  {
    "apiVersion": "argoproj.io/v1alpha1",
    "kind": "AppProject",
    "metadata": {
      "annotations": {
        "argocd.argoproj.io/sync-options": "PruneLast=true",
        "argocd.argoproj.io/sync-wave": "-2",
      },
      "name": "librepod-system",
      "namespace": "argocd",
    },
    "spec": {
      "clusterResourceWhitelist": [
        {
          "group": "*",
          "kind": "*",
        },
      ],
      "description": "LibrePod System Apps",
      "destinations": [
        {
          "namespace": "default",
          "server": "https://kubernetes.default.svc",
        },
      ],
      "namespaceResourceWhitelist": [
        {
          "group": "*",
          "kind": "*",
        },
      ],
      "sourceRepos": [
        "*",
      ],
    },
  },
]
`;

exports[`ArgoSystemApps synth 1`] = `
[
  {
    "apiVersion": "argoproj.io/v1alpha1",
    "kind": "Application",
    "metadata": {
      "annotations": {
        "argocd.argoproj.io/sync-wave": "0",
      },
      "finalizers": [
        "resources-finalizer.argocd.argoproj.io",
      ],
      "name": "traefik",
      "namespace": "argocd",
    },
    "spec": {
      "destination": {
        "namespace": "traefik",
        "server": "https://kubernetes.default.svc",
      },
      "ignoreDifferences": [
        {
          "group": "argoproj.io",
          "jsonPointers": [
            "/status",
          ],
          "kind": "Application",
        },
      ],
      "project": "librepod-system",
      "source": {
        "path": "apps/traefik",
        "repoURL": "https://github.com/librepod/apps",
        "targetRevision": "HEAD",
      },
      "syncPolicy": {
        "automated": {
          "allowEmpty": true,
          "prune": true,
          "selfHeal": true,
        },
        "syncOptions": [
          "CreateNamespace=true",
        ],
      },
    },
  },
  {
    "apiVersion": "argoproj.io/v1alpha1",
    "kind": "Application",
    "metadata": {
      "annotations": {
        "argocd.argoproj.io/sync-wave": "0",
      },
      "finalizers": [
        "resources-finalizer.argocd.argoproj.io",
      ],
      "name": "wg-easy",
      "namespace": "argocd",
    },
    "spec": {
      "destination": {
        "namespace": "wg-easy",
        "server": "https://kubernetes.default.svc",
      },
      "ignoreDifferences": [
        {
          "group": "argoproj.io",
          "jsonPointers": [
            "/status",
          ],
          "kind": "Application",
        },
      ],
      "project": "librepod-system",
      "source": {
        "path": "apps/wg-easy",
        "repoURL": "https://github.com/librepod/apps",
        "targetRevision": "HEAD",
      },
      "syncPolicy": {
        "automated": {
          "allowEmpty": true,
          "prune": true,
          "selfHeal": true,
        },
        "syncOptions": [
          "CreateNamespace=true",
        ],
      },
    },
  },
]
`;

exports[`ArgoUserApps synth 1`] = `[]`;
