// Bun Snapshot v1, https://goo.gl/fbAQLP

exports[`Chart synth 1`] = `
[
  {
    "apiVersion": "v1",
    "kind": "ServiceAccount",
    "metadata": {
      "labels": {
        "app.kubernetes.io/instance": "traefik-traefik",
        "app.kubernetes.io/managed-by": "Helm",
        "app.kubernetes.io/name": "traefik",
        "helm.sh/chart": "traefik-26.1.0",
      },
      "name": "traefik",
      "namespace": "traefik",
    },
  },
  {
    "apiVersion": "rbac.authorization.k8s.io/v1",
    "kind": "ClusterRole",
    "metadata": {
      "labels": {
        "app.kubernetes.io/instance": "traefik-traefik",
        "app.kubernetes.io/managed-by": "Helm",
        "app.kubernetes.io/name": "traefik",
        "helm.sh/chart": "traefik-26.1.0",
      },
      "name": "traefik-traefik",
    },
    "rules": [
      {
        "apiGroups": [
          "extensions",
          "networking.k8s.io",
        ],
        "resources": [
          "ingressclasses",
          "ingresses",
        ],
        "verbs": [
          "get",
          "list",
          "watch",
        ],
      },
      {
        "apiGroups": [
          "",
        ],
        "resources": [
          "services",
          "endpoints",
          "secrets",
        ],
        "verbs": [
          "get",
          "list",
          "watch",
        ],
      },
      {
        "apiGroups": [
          "extensions",
          "networking.k8s.io",
        ],
        "resources": [
          "ingresses/status",
        ],
        "verbs": [
          "update",
        ],
      },
      {
        "apiGroups": [
          "traefik.io",
          "traefik.containo.us",
        ],
        "resources": [
          "ingressroutes",
          "ingressroutetcps",
          "ingressrouteudps",
          "middlewares",
          "middlewaretcps",
          "tlsoptions",
          "tlsstores",
          "traefikservices",
          "serverstransports",
        ],
        "verbs": [
          "get",
          "list",
          "watch",
        ],
      },
    ],
  },
  {
    "apiVersion": "rbac.authorization.k8s.io/v1",
    "kind": "ClusterRoleBinding",
    "metadata": {
      "labels": {
        "app.kubernetes.io/instance": "traefik-traefik",
        "app.kubernetes.io/managed-by": "Helm",
        "app.kubernetes.io/name": "traefik",
        "helm.sh/chart": "traefik-26.1.0",
      },
      "name": "traefik-traefik",
    },
    "roleRef": {
      "apiGroup": "rbac.authorization.k8s.io",
      "kind": "ClusterRole",
      "name": "traefik-traefik",
    },
    "subjects": [
      {
        "kind": "ServiceAccount",
        "name": "traefik",
        "namespace": "traefik",
      },
    ],
  },
  {
    "apiVersion": "v1",
    "kind": "Service",
    "metadata": {
      "labels": {
        "app.kubernetes.io/instance": "traefik-traefik",
        "app.kubernetes.io/managed-by": "Helm",
        "app.kubernetes.io/name": "traefik",
        "helm.sh/chart": "traefik-26.1.0",
      },
      "name": "traefik",
      "namespace": "traefik",
    },
    "spec": {
      "externalTrafficPolicy": "Cluster",
      "ports": [
        {
          "name": "web",
          "nodePort": 32080,
          "port": 80,
          "protocol": "TCP",
          "targetPort": "web",
        },
        {
          "name": "websecure",
          "nodePort": 32443,
          "port": 443,
          "protocol": "TCP",
          "targetPort": "websecure",
        },
      ],
      "selector": {
        "app.kubernetes.io/instance": "traefik-traefik",
        "app.kubernetes.io/name": "traefik",
      },
      "type": "NodePort",
    },
  },
  {
    "apiVersion": "apps/v1",
    "kind": "DaemonSet",
    "metadata": {
      "labels": {
        "app.kubernetes.io/instance": "traefik-traefik",
        "app.kubernetes.io/managed-by": "Helm",
        "app.kubernetes.io/name": "traefik",
        "helm.sh/chart": "traefik-26.1.0",
      },
      "name": "traefik",
      "namespace": "traefik",
    },
    "spec": {
      "minReadySeconds": 0,
      "selector": {
        "matchLabels": {
          "app.kubernetes.io/instance": "traefik-traefik",
          "app.kubernetes.io/name": "traefik",
        },
      },
      "template": {
        "metadata": {
          "annotations": {
            "prometheus.io/path": "/metrics",
            "prometheus.io/port": "9100",
            "prometheus.io/scrape": "true",
          },
          "labels": {
            "app.kubernetes.io/instance": "traefik-traefik",
            "app.kubernetes.io/managed-by": "Helm",
            "app.kubernetes.io/name": "traefik",
            "helm.sh/chart": "traefik-26.1.0",
          },
        },
        "spec": {
          "containers": [
            {
              "args": [
                "--entrypoints.metrics.address=:9100/tcp",
                "--entrypoints.traefik.address=:9000/tcp",
                "--entrypoints.web.address=:8000/tcp",
                "--entrypoints.websecure.address=:8443/tcp",
                "--api.dashboard=true",
                "--ping=true",
                "--metrics.prometheus=true",
                "--metrics.prometheus.entrypoint=metrics",
                "--providers.kubernetescrd",
                "--providers.kubernetescrd.allowCrossNamespace=true",
                "--providers.kubernetescrd.allowExternalNameServices=true",
                "--providers.kubernetesingress",
                "--providers.kubernetesingress.ingressendpoint.publishedservice=traefik/traefik",
                "--entrypoints.websecure.http.tls=true",
                "--log.level=INFO",
                "--accesslog=true",
                "--accesslog.fields.defaultmode=keep",
                "--accesslog.fields.headers.defaultmode=drop",
              ],
              "env": [
                {
                  "name": "POD_NAME",
                  "valueFrom": {
                    "fieldRef": {
                      "fieldPath": "metadata.name",
                    },
                  },
                },
                {
                  "name": "POD_NAMESPACE",
                  "valueFrom": {
                    "fieldRef": {
                      "fieldPath": "metadata.namespace",
                    },
                  },
                },
              ],
              "image": "docker.io/traefik:v2.11.0",
              "imagePullPolicy": "IfNotPresent",
              "livenessProbe": {
                "failureThreshold": 3,
                "httpGet": {
                  "path": "/ping",
                  "port": 9000,
                  "scheme": "HTTP",
                },
                "initialDelaySeconds": 2,
                "periodSeconds": 10,
                "successThreshold": 1,
                "timeoutSeconds": 2,
              },
              "name": "traefik",
              "ports": [
                {
                  "containerPort": 9100,
                  "name": "metrics",
                  "protocol": "TCP",
                },
                {
                  "containerPort": 9000,
                  "name": "traefik",
                  "protocol": "TCP",
                },
                {
                  "containerPort": 8000,
                  "name": "web",
                  "protocol": "TCP",
                },
                {
                  "containerPort": 8443,
                  "name": "websecure",
                  "protocol": "TCP",
                },
              ],
              "readinessProbe": {
                "failureThreshold": 1,
                "httpGet": {
                  "path": "/ping",
                  "port": 9000,
                  "scheme": "HTTP",
                },
                "initialDelaySeconds": 2,
                "periodSeconds": 10,
                "successThreshold": 1,
                "timeoutSeconds": 2,
              },
              "securityContext": {
                "allowPrivilegeEscalation": false,
                "capabilities": {
                  "drop": [
                    "ALL",
                  ],
                },
                "readOnlyRootFilesystem": true,
              },
              "volumeMounts": [
                {
                  "mountPath": "/data",
                  "name": "data",
                },
                {
                  "mountPath": "/tmp",
                  "name": "tmp",
                },
              ],
            },
          ],
          "hostNetwork": false,
          "priorityClassName": "system-cluster-critical",
          "securityContext": {
            "fsGroupChangePolicy": "OnRootMismatch",
            "runAsGroup": 65532,
            "runAsNonRoot": true,
            "runAsUser": 65532,
          },
          "serviceAccountName": "traefik",
          "terminationGracePeriodSeconds": 60,
          "tolerations": [
            {
              "key": "CriticalAddonsOnly",
              "operator": "Exists",
            },
            {
              "effect": "NoSchedule",
              "key": "node-role.kubernetes.io/control-plane",
              "operator": "Exists",
            },
            {
              "effect": "NoSchedule",
              "key": "node-role.kubernetes.io/master",
              "operator": "Exists",
            },
          ],
          "volumes": [
            {
              "emptyDir": {},
              "name": "data",
            },
            {
              "emptyDir": {},
              "name": "tmp",
            },
          ],
        },
      },
      "updateStrategy": {
        "rollingUpdate": {
          "maxSurge": 1,
          "maxUnavailable": 0,
        },
        "type": "RollingUpdate",
      },
    },
  },
  {
    "apiVersion": "networking.k8s.io/v1",
    "kind": "IngressClass",
    "metadata": {
      "annotations": {
        "ingressclass.kubernetes.io/is-default-class": "true",
      },
      "labels": {
        "app.kubernetes.io/instance": "traefik-traefik",
        "app.kubernetes.io/managed-by": "Helm",
        "app.kubernetes.io/name": "traefik",
        "helm.sh/chart": "traefik-26.1.0",
      },
      "name": "traefik",
    },
    "spec": {
      "controller": "traefik.io/ingress-controller",
    },
  },
  {
    "apiVersion": "traefik.io/v1alpha1",
    "kind": "IngressRoute",
    "metadata": {
      "annotations": {
        "gethomepage.dev/description": "Traefik",
        "gethomepage.dev/enabled": "true",
        "gethomepage.dev/group": "LibrePod System",
        "gethomepage.dev/icon": "traefik.png",
        "gethomepage.dev/weight": "10",
      },
      "labels": {
        "app.kubernetes.io/instance": "traefik-traefik",
        "app.kubernetes.io/managed-by": "Helm",
        "app.kubernetes.io/name": "traefik",
        "helm.sh/chart": "traefik-26.1.0",
      },
      "name": "traefik-dashboard",
      "namespace": "traefik",
    },
    "spec": {
      "entryPoints": [
        "websecure",
      ],
      "routes": [
        {
          "kind": "Rule",
          "match": "Host(\`traefik.libre.pod\`)",
          "services": [
            {
              "kind": "TraefikService",
              "name": "api@internal",
            },
          ],
        },
      ],
    },
  },
]
`;
